---
source: compiler/hachi-tests/tests/ui_tests.rs
info:
  program: hcc
  args:
    - tests/ui/type/type_mismatch/mismatched_application.test
input_file: compiler/hachi-tests/tests/ui/type/type_mismatch/mismatched_application.test
snapshot_kind: text
---
success: false
exit_code: 1
----- stdout -----

----- stderr -----
Error: sema::function_type_mismatch

  × function types do not take the same number of arguments
   ╭─[tests/ui/type/type_mismatch/mismatched_application.test:1:1]
 1 │ fn noise() {
   · ▲
   · ╰── the function has type fn(i32, bool) -> i32
 2 │   return noise();
   ╰────
