---
source: compiler/hachi-syntax-lower/tests/lowering_tests.rs
expression: "String::from_utf8(w).unwrap()"
input_file: compiler/hachi-syntax-lower/tests/data/for_loop_reduction.test
snapshot_kind: text
---
module {
  // module types
  type Matrix = {
    c: i32,
    r: i32,
    buf: *i32,
  };
  type bool = bool;
  type i32 = i32;
  type void = void;
  
  // module functions
  intrinsic_fn free<T>(ptr: *T) -> void;
  intrinsic_fn malloc<T>(size: i32) -> *T;
  fn matrix_matrix_multiply<>(a: Matrix, b: Matrix) -> Matrix {
    if (a.r != b.c){
      panic::<>();
    } else {
    
    }
    let c: _ = new Matrix {
      r: a.r,
      c: b.c,
      buf: malloc::<>(a.r * b.c * 4),
    };
    {
      let i: _ = 0;
      while (i < a.r) {
        {
          let j: _ = 0;
          while (j < b.c) {
            let sum: _ = 0;
            {
              let k: _ = 0;
              while (k < a.c) {
                sum = sum + a.buf[i * a.c + k] * b.buf[k * b.c + j];
              }
              k = k + 1;
            }
            c.buf[i * b.c + j] = sum;
          }
          j = j + 1;
        }
      }
      i = i + 1;
    }
    return c;
  }
}
