---
source: compiler/eight-hir/tests/inference_tests.rs
expression: doc
snapshot_kind: text
---
hir_module {
  declares {
    // module scalar types
    
    
    // module record types
    
    
    // module functions
    fn test(v: *i32) -> unit;
    
    // module traits
    
    
    // module instances
  
  }
  
  defining {
    // module functions
    fn test<>(v: *i32) -> unit {
      let k: i32 = ((v as *i32)[(0 as i32)] as i32);
      let q: i32 = ((v as *i32)[(k as i32)] as i32);
    }
    // module intrinsic functions
    
  
  }
}
