---
source: compiler/hachi-hir/tests/inference_tests.rs
expression: doc
snapshot_kind: text
---
module {
  // module types
  
  
  // module functions
  fn foo<>(x: i32) -> i32 {
    let k: i32 = (123::i32)::i32;
  }
}
