---
source: compiler/hachi-hir/tests/inference_tests.rs
expression: doc
snapshot_kind: text
---
module {
  // module intrinsic scalar types
  intrinsic_scalar bool;
  intrinsic_scalar i32;
  intrinsic_scalar unit;
  
  // module intrinsic functions
  
  
  // module types
  type Agent = {
    name: i32,
  }
  
  // module functions
  fn test(agent: Agent) -> unit {
    let z: i32 = agent::Agent.name::i32;
  }
}
